nohup: ignoring input

------------------------- start running singular_value_decomposition.R: 2024-12-26 10:12:51 -------------------------
New names:
• `` -> `...2`
• `` -> `...3`
• `` -> `...4`
• `` -> `...5`
• `` -> `...6`
• `` -> `...7`
New names:
• `` -> `...2`
• `` -> `...3`
• `` -> `...4`
• `` -> `...5`
• `` -> `...6`
• `` -> `...7`
New names:
• `` -> `...2`
• `` -> `...3`
• `` -> `...4`
• `` -> `...5`
• `` -> `...6`
• `` -> `...7`
New names:
• `` -> `...2`
• `` -> `...3`
• `` -> `...4`
• `` -> `...5`
• `` -> `...6`
• `` -> `...7`
New names:
• `` -> `...2`
• `` -> `...3`
• `` -> `...4`
• `` -> `...5`
• `` -> `...6`
• `` -> `...7`
New names:
• `` -> `...2`
• `` -> `...3`
• `` -> `...4`
• `` -> `...5`
• `` -> `...6`
• `` -> `...7`
New names:
• `` -> `...2`
• `` -> `...3`
• `` -> `...4`
• `` -> `...5`
• `` -> `...6`
• `` -> `...7`
New names:
• `` -> `...2`
• `` -> `...3`
• `` -> `...4`
• `` -> `...5`
• `` -> `...6`
• `` -> `...7`
New names:
• `` -> `...2`
• `` -> `...3`
• `` -> `...4`
• `` -> `...5`
• `` -> `...6`
• `` -> `...7`
New names:
• `` -> `...2`
• `` -> `...3`
• `` -> `...4`
• `` -> `...5`
• `` -> `...6`
• `` -> `...7`

------------------------- start running sample_loading_plot.R: 2024-12-26 10:13:33 -------------------------

------------------------- start running s_value.R: 2024-12-26 10:13:41 -------------------------
There were 50 or more warnings (use warnings() to see the first 50)

------------------------- start running gene_correlation.R: 2024-12-26 10:13:43 -------------------------
null device 
          1 
null device 
          1 

------------------------- start running CCF_histone.R: 2024-12-26 10:13:46 -------------------------

------------------------- start running CCF_histone_perturbation.R: 2024-12-26 10:13:51 -------------------------
R Version:  R version 4.1.3 (2022-03-10) 

snowfall 1.84-6.2 initialized (using snow 0.4-4): parallel execution on 40 CPUs.

Warning message:
In searchCommandline(parallel, cpus = cpus, type = type, socketHosts = socketHosts,  :
  Unknown option on commandline: --file
Library tidyverse loaded.
Library tidyverse loaded in cluster.

Library zoo loaded.
Library zoo loaded in cluster.


Stopping cluster


------------------------- start running CCF_metabolome.R: 2024-12-26 10:20:36 -------------------------

------------------------- start running CCF_metabolome_perturbation.R: 2024-12-26 10:20:41 -------------------------
R Version:  R version 4.1.3 (2022-03-10) 

snowfall 1.84-6.2 initialized (using snow 0.4-4): parallel execution on 40 CPUs.

Warning message:
In searchCommandline(parallel, cpus = cpus, type = type, socketHosts = socketHosts,  :
  Unknown option on commandline: --file
Library tidyverse loaded.
Library tidyverse loaded in cluster.

Library zoo loaded.
Library zoo loaded in cluster.


Stopping cluster

run.sh: line 35: rintExecuteTime: command not found

------------------------- start running gene_enrichment_analysis.R: 2024-12-26 10:28:55 -------------------------
Running Enrichment for microarray 
R Version:  R version 4.1.3 (2022-03-10) 

snowfall 1.84-6.2 initialized (using snow 0.4-4): parallel execution on 40 CPUs.

Library openxlsx loaded.
Library openxlsx loaded in cluster.

Library tidyverse loaded.
Library tidyverse loaded in cluster.


Stopping cluster

Running Enrichment for MUREN_log_YMC2014 
snowfall 1.84-6.2 initialized (using snow 0.4-4): parallel execution on 40 CPUs.

Library openxlsx loaded.
Library openxlsx loaded in cluster.

Library tidyverse loaded.
Library tidyverse loaded in cluster.


Stopping cluster

Running Enrichment for transcriptome_concatenate 
snowfall 1.84-6.2 initialized (using snow 0.4-4): parallel execution on 40 CPUs.

Library openxlsx loaded.
Library openxlsx loaded in cluster.

Library tidyverse loaded.
Library tidyverse loaded in cluster.


Stopping cluster

Warning messages:
1: In searchCommandline(parallel, cpus = cpus, type = type, socketHosts = socketHosts,  :
  Unknown option on commandline: --file
2: In searchCommandline(parallel, cpus = cpus, type = type, socketHosts = socketHosts,  :
  Unknown option on commandline: --file
3: In searchCommandline(parallel, cpus = cpus, type = type, socketHosts = socketHosts,  :
  Unknown option on commandline: --file

------------------------- start running format_enrichment_result.R: 2024-12-26 10:37:05 -------------------------

-------------------------end : 2024-12-26 10:37:08-------------------------
